
> dawn-whales@1.9.0 build
> vite build

[36mvite v6.4.3 [32mbuilding for production...[36m[39m
transforming...
[32m鉁?[39m 3 modules transformed.
[36mvite v6.4.3 [32mbuilding SSR bundle for production...[36m[39m
transforming...
[32m鉁?[39m 35 modules transformed.
rendering chunks...
[2mdist-electron/[22m[36mai-gateway-client-DIeHVLe7.js  [39m[1m[2m    3.13 kB[22m[1m[22m
[2mdist-electron/[22m[36mmain.cjs                       [39m[1m[33m2,701.38 kB[39m[22m
[32m鉁?built in 924ms[39m
[36mvite v6.4.3 [32mbuilding SSR bundle for production...[36m[39m
transforming...
[32m鉁?[39m 1 modules transformed.
rendering chunks...
[2mdist-electron/[22m[36mpreload.cjs  [39m[1m[2m14.38 kB[22m[1m[22m
[32m鉁?built in 9ms[39m
node.exe : [31m鉁?[39m Build failed in 969ms
所在位置 行:1 字符: 1
+ & "C:\Program Files\nodejs/node.exe" "C:\Program Files\nodejs/node_mo ...
+ ~~~~~~~~~~~~~~~~~~~~~~~~~~~~~~~~~~~~~~~~~~~~~~~~~~~~~~~~~~~~~~~~~~~~~
    + CategoryInfo          : NotSpecified: ([31m鉁?[39m Build failed in 969ms:String) [], RemoteException
    + FullyQualifiedErrorId : NativeCommandError
 
[31merror during build:
[31m[vite:css] Failed to load PostCSS config (searchPath: C:/Users/vx107/.easyclaw/workspace/dawn-whales): 
[SyntaxError] Unexpected token '锘?, "锘縶
  "nam"... is not valid JSON
SyntaxError: Unexpected token '锘?, "锘縶
  "nam"... is not valid JSON
    at JSON.parse (<anonymous>)
    at jsonLoader 
(file:///C:/Users/vx107/.easyclaw/workspace/dawn-whales/node_modules/vite/dist/node/chunks/dep-Dm0c1Wj2.js:11217:41)
    at Object.search (file:///C:/Users/vx107/.easyclaw/workspace/dawn-whales/node_modules/vite/dist/node/chunks/dep-Dm0
c1Wj2.js:11380:25)[31m
file: [36mC:/Users/vx107/.easyclaw/workspace/dawn-whales/src/index.css[31m
[39m
